// Jest Snapshot v1, https://goo.gl/fbAQLP

exports[`renders homepage unchanged 1`] = `
<div>
  <nav
    class="sc-beyTiQ hjbTaO items-center justify-center h-auto"
    id="nav"
  >
    <div
      class="container md:flex-row flex-col mx-auto justify-center items-center"
    >
      <a
        href="/"
      >
        <img
          alt="Films App Logo"
          data-nimg="1"
          decoding="async"
          fetchpriority="high"
          height="200"
          src="/_next/image?url=%2Fimg.jpg&w=640&q=75"
          srcset="/_next/image?url=%2Fimg.jpg&w=256&q=75 1x, /_next/image?url=%2Fimg.jpg&w=640&q=75 2x"
          style="color: transparent;"
          width="200"
        />
      </a>
      <div />
      <a
        class="link false "
        href="/about"
      >
        Sobre Nosotros
      </a>
      <a
        class="link false "
        href="/movies"
      >
        Popular
      </a>
      <a
        class="link false "
        href="/mylist"
      >
        Favoritas
      </a>
    </div>
  </nav>
  <div
    class="container mx-auto flex items-center rounded-lg my-3 border-20"
  >
    <div
      class="absolute"
    >
      <h2
        class=" md:text-4xl text-1xl text-shadow text-white font-bold md:p-6 p-2"
      >
        Bienvenidos a FilmsApp,
      </h2>
      <h3
        class=" md:text-4xl text-1xl text-shadow text-white font-bold md:p-6 p-2"
      >
        encuentra tu película favorita en nuestro catálogo
      </h3>
    </div>
    <img
      alt="Image background"
      data-nimg="1"
      decoding="async"
      height="600"
      loading="lazy"
      src="/_next/image?url=%2Fimg.jpg&w=3840&q=75"
      srcset="/_next/image?url=%2Fimg.jpg&w=1920&q=75 1x, /_next/image?url=%2Fimg.jpg&w=3840&q=75 2x"
      style="color: transparent;"
      width="1920"
    />
  </div>
  <div
    class="mx-auto flex flex-col justify-start min-h-screen w-100 rounded-lg my-3"
  >
    <div
      class="container mx-auto py-5 bg-background p-4"
    >
      <div
        class="bg-slate-700 px-10 py-5 w-full rounded-lg w-50"
      >
        <form
          class="items-center"
        >
          <div
            class="flex w-100 items-center"
          >
            <div
              class="flex gap-2 rounded-md overflow-hidden w-full"
            >
              <div
                class="group flex flex-col w-full"
                data-has-elements="true"
              >
                <div
                  class="relative w-full inline-flex tap-highlight-transparent shadow-sm px-3 bg-default-100 data-[hover=true]:bg-default-200 group-data-[focus=true]:bg-default-100 h-unit-10 min-h-unit-10 rounded-medium flex-col items-start justify-center gap-0 transition-background motion-reduce:transition-none !duration-150 outline-none group-data-[focus-visible=true]:z-10 group-data-[focus-visible=true]:ring-2 group-data-[focus-visible=true]:ring-focus group-data-[focus-visible=true]:ring-offset-2 group-data-[focus-visible=true]:ring-offset-background"
                  style="cursor: text;"
                >
                  <label
                    class="block font-medium text-foreground-600 text-tiny cursor-text will-change-auto origin-top-left transition-all !duration-200 !ease-out motion-reduce:transition-none"
                    for="react-aria-:r0:"
                    id="react-aria-:r1:"
                  >
                    Película
                  </label>
                  <input
                    aria-label="Película"
                    aria-labelledby="react-aria-:r0: react-aria-:r1:"
                    class="w-full h-full font-normal !bg-transparent outline-none placeholder:text-foreground-500 text-small"
                    id="react-aria-:r0:"
                    placeholder="Regreso al futuro, Pesadilla antes de navidad, Avatar..."
                    type="text"
                    value=""
                  />
                </div>
              </div>
              <button
                class="z-0 group relative inline-flex items-center justify-center box-border appearance-none select-none whitespace-nowrap font-normal subpixel-antialiased overflow-hidden tap-highlight-transparent outline-none data-[focus-visible=true]:z-10 data-[focus-visible=true]:outline-2 data-[focus-visible=true]:outline-focus data-[focus-visible=true]:outline-offset-2 px-unit-4 min-w-unit-20 text-small gap-unit-2 rounded-medium [&>svg]:max-w-[theme(spacing.unit-8)] data-[pressed=true]:scale-[0.97] transition-transform-colors motion-reduce:transition-none bg-primary text-primary-foreground h-100"
                type="submit"
              >
                Buscar
              </button>
            </div>
          </div>
        </form>
      </div>
      <hr
        class="shrink-0 bg-divider border-none w-full h-divider my-2"
        role="separator"
      />
      <main>
        Resultados
        <hr
          class="shrink-0 bg-divider border-none w-full h-divider my-2"
          role="separator"
        />
        <p>
          No se encontraron películas para esta búsqueda
        </p>
      </main>
    </div>
  </div>
</div>
`;
